// Jest Snapshot v1, https://goo.gl/fbAQLP

exports[`Should match snapshot 1`] = `
<div>
  <div
    className="navbar-container"
  >
    <div
      className="navbar-grid"
    >
      <div>
        <div
          className="navbar-home-container"
        >
          <img
            alt="home-page"
            className="navbar-icon-home"
            onClick={[Function]}
            src="https://img.icons8.com/dusk/64/000000/home-page.png"
          />
        </div>
        <div
          className="mobile-button-container"
        >
          <div
            className="btn-group navbar-mobile-container "
          >
            <button
              aria-expanded="false"
              aria-haspopup="true"
              className="mobile-nav-button"
              data-toggle="dropdown"
              type="button"
            >
              ☰
            </button>
            <div
              className="dropdown-menu dropdown-container"
            >
              <a
                className="dropdown-item"
                href="/"
              >
                HOME
              </a>
              <span
                className="dropdown-item"
                id="login"
                onClick={[Function]}
                role="button"
                tabIndex={0}
              >
                LOGIN
              </span>
              <span
                className="dropdown-item"
                id="create-account"
                onClick={[Function]}
                role="button"
                tabIndex={-1}
              >
                SIGN UP FOR FREE
              </span>
            </div>
          </div>
          <span>
            ☰
          </span>
        </div>
      </div>
      <div>
        <div
          className="searchbar-grid"
        >
          <div
            className="searchbar-container"
          >
            <input
              id="search-field"
              maxLength="350"
              onChange={[Function]}
              placeholder="Search for videos"
              type="text"
            />
            <img
              alt="search-video"
              className="navbar-icon-item"
              onClick={[Function]}
              src="https://img.icons8.com/doodle/48/000000/search--v1.png"
            />
          </div>
        </div>
      </div>
      <div
        className="account-container"
      >
        <div>
          <span
            id="login"
            onClick={[Function]}
            role="button"
            tabIndex={0}
          >
            LOGIN
          </span>
          <span
            id="create-account"
            onClick={[Function]}
            role="button"
            tabIndex={-1}
          >
            SIGN UP FOR FREE
          </span>
        </div>
      </div>
    </div>
  </div>
  <div
    className="homepage-container"
  >
    <div
      className="app-title-container carousel slide"
      data-ride="carousel"
      id="demo"
    >
      <ul
        className="carousel-indicators"
      >
        <li
          className="active"
          data-slide-to="0"
          data-target="#demo"
        />
        <li
          data-slide-to="1"
          data-target="#demo"
        />
        <li
          data-slide-to="2"
          data-target="#demo"
        />
      </ul>
      <div
        className="carousel-inner"
      >
        <div
          className="carousel-item active"
        >
          <div
            className="title-container"
            id="title-slide"
          >
            <h1>
              Videorealm
            </h1>
          </div>
        </div>
        <div
          className="carousel-item"
        >
          <div
            className="title-container"
            id="first-news"
          >
            <h1>
              Checkout New Videos
            </h1>
          </div>
        </div>
        <div
          className="carousel-item"
        >
          <div
            className="title-container"
            id="second-news"
          >
            <h1>
              Sign Up for Free
            </h1>
          </div>
        </div>
      </div>
      <a
        className="carousel-control-prev"
        data-slide="prev"
        href="#demo"
      >
        <span
          className="carousel-control-prev-icon"
        />
      </a>
      <a
        className="carousel-control-next"
        data-slide="next"
        href="#demo"
      >
        <span
          className="carousel-control-next-icon"
        />
      </a>
    </div>
    <div
      className="videos-container"
    >
      <h1>
        Popular Videos 
      </h1>
      <div>
        <div
          className="pop-video-container"
        />
        <div
          className="more-pop-videos"
        >
          <span
            onClick={[Function]}
            role="button"
            tabIndex="0"
          >
             See More videos 
          </span>
        </div>
      </div>
    </div>
    <div
      className="videos-container"
    >
      <h1>
        Latest Videos 
      </h1>
      <div>
        <div
          className="all-videos-container"
        />
        <div
          className="more-all-videos"
        >
          <span
            onClick={[Function]}
            role="button"
            tabIndex="0"
          >
             See More videos 
          </span>
        </div>
      </div>
    </div>
  </div>
  <br />
  <br />
  <br />
  <div
    className="footer-container"
  >
    <div
      className="footer-grid"
    >
      <div
        className="footer-section"
      >
        <h1>
          About
        </h1>
        <ul>
          <li>
            <a
              href="/wonderlandcustom/s/"
            >
              Infinte
            </a>
          </li>
          <li>
            <a
              href="/wonderlandcustom/s/news"
            >
              News
            </a>
          </li>
          <li>
            <a
              href="/wonderlandcustom/s/support"
            >
              Help
            </a>
          </li>
          <li>
            <a
              href="/"
            >
              Company
            </a>
          </li>
        </ul>
      </div>
      <div
        className="footer-section"
      >
        <h1>
          Products
        </h1>
        <ul>
          <li>
            <a
              href="/wonderlandcustom/s/store"
            >
              Electronics
            </a>
          </li>
          <li>
            <a
              href="/wonderlandcustom/s/store"
            >
              Software
            </a>
          </li>
          <li>
            <a
              href="/wonderlandcustom/s/store"
            >
              Subscriptions
            </a>
          </li>
          <li>
            <a
              href="/wonderlandcustom/s/store"
            >
              Other Products
            </a>
          </li>
        </ul>
      </div>
      <div
        className="footer-section"
      >
        <h1>
          Support
        </h1>
        <ul>
          <li>
            <a
              href="/wonderlandcustom/s/support"
            >
              Product support
            </a>
          </li>
          <li>
            <a
              href="/"
            >
              Forums
            </a>
          </li>
          <li>
            <a
              href="/"
            >
              Order Status
            </a>
          </li>
          <li>
            <a
              href="/wonderlandcustom/s/contact-us"
            >
              Contact Us
            </a>
          </li>
        </ul>
      </div>
      <div
        className="footer-section"
      >
        <h1>
          Legal
        </h1>
        <ul>
          <li>
            <a
              href="/"
            >
              Privacy Policy
            </a>
          </li>
          <li>
            <a
              href="/"
            >
              Terms of Service
            </a>
          </li>
          <li>
            <a
              href="/"
            >
              End User License Agreements
            </a>
          </li>
          <li>
            <a
              href="/"
            >
              Legal Information
            </a>
          </li>
          <li>
            <a
              href="/"
            >
              Cookie Policy
            </a>
          </li>
        </ul>
      </div>
    </div>
    <div
      className="trademark-set"
    >
      <p>
        © 2020 Infinite Softworks Co. All Rights Reserved. Infinite Softworks co. logo are trademarks of Infinite Softworks co. in the U.S. and/or other countries.
      </p>
      <a
        href="https://icons8.com/icons/set/low-volume"
        target="_blank"
      >
        Low Volume icon
      </a>
       icon by 
      <a
        href="https://icons8.com"
        target="_blank"
      >
        Icons8
      </a>
    </div>
  </div>
</div>
`;
